// Jest Snapshot v1, https://goo.gl/fbAQLP

exports[`Metrics: FCP should compute a simulated value 1`] = `
Object {
  "optimistic": 1107,
  "optimisticNodeTimings": 4,
  "pessimistic": 1107,
  "pessimisticNodeTimings": 4,
  "timing": 1107,
}
`;
