// Jest Snapshot v1, https://goo.gl/fbAQLP

exports[`Metrics: TTI should compute a simulated value 1`] = `
Object {
  "optimistic": 1107,
  "optimisticNodeTimings": 14,
  "pessimistic": 1134,
  "pessimisticNodeTimings": 31,
  "timing": 1122,
}
`;
