// Jest Snapshot v1, https://goo.gl/fbAQLP

exports[`Metrics: Max Potential FID should compute a simulated value 1`] = `
Object {
  "optimistic": 50,
  "pessimistic": 50,
  "timing": 50,
}
`;
