// Jest Snapshot v1, https://goo.gl/fbAQLP

exports[`ReportRendererAxe with aXe renders without axe violations 1`] = `Array []`;
